<html>
<body>
<pre>
<h1>µVision Build Log</h1>
<h2>Project:</h2>
C:\Users\Dominik\Documents\GitHub\ppsw_obow\Prog_obow.uvproj
Project File Date:  03/10/2019

<h2>Output:</h2>
Rebuild target 'Target 1'
assembling Startup.s...
compiling main.c...
linking...
Program Size: Code=420 RO-data=16 RW-data=0 ZI-data=1256  
".\Prog_obow.axf" - 0 Errors, 0 Warning(s).
Rebuild target 'Target 1'
assembling Startup.s...
compiling main.c...
linking...
Program Size: Code=744 RO-data=16 RW-data=0 ZI-data=1256  
FromELF: creating hex file...
".\Prog_obow.axf" - 0 Errors, 0 Warning(s).
compiling main.c...
main.c(17): warning:  #167-D: argument of type "unsigned char *" is incompatible with parameter of type "char *"
main.c(17): warning:  #167-D: argument of type "unsigned char *" is incompatible with parameter of type "char *"
"main.c" - 0 Errors, 2 Warning(s).
Rebuild target 'Target 1'
assembling Startup.s...
compiling main.c...
main.c(17): warning:  #167-D: argument of type "unsigned char *" is incompatible with parameter of type "char *"
main.c(17): warning:  #167-D: argument of type "unsigned char *" is incompatible with parameter of type "char *"
linking...
Program Size: Code=804 RO-data=16 RW-data=0 ZI-data=1256  
FromELF: creating hex file...
".\Prog_obow.axf" - 0 Errors, 2 Warning(s).
Rebuild target 'Target 1'
assembling Startup.s...
compiling main.c...
linking...
Program Size: Code=804 RO-data=16 RW-data=0 ZI-data=1256  
FromELF: creating hex file...
".\Prog_obow.axf" - 0 Errors, 0 Warning(s).
Rebuild target 'Target 1'
assembling Startup.s...
compiling main.c...
main.c(23): warning:  #223-D: function "printf" declared implicitly
linking...
Program Size: Code=3916 RO-data=44 RW-data=12 ZI-data=1508  
FromELF: creating hex file...
".\Prog_obow.axf" - 0 Errors, 1 Warning(s).
Rebuild target 'Target 1'
assembling Startup.s...
compiling main.c...
linking...
Program Size: Code=868 RO-data=16 RW-data=0 ZI-data=1256  
FromELF: creating hex file...
".\Prog_obow.axf" - 0 Errors, 0 Warning(s).
Rebuild target 'Target 1'
assembling Startup.s...
compiling main.c...
linking...
Program Size: Code=868 RO-data=16 RW-data=0 ZI-data=1256  
FromELF: creating hex file...
".\Prog_obow.axf" - 0 Errors, 0 Warning(s).
Rebuild target 'Target 1'
assembling Startup.s...
compiling main.c...
linking...
Program Size: Code=872 RO-data=16 RW-data=0 ZI-data=1256  
FromELF: creating hex file...
".\Prog_obow.axf" - 0 Errors, 0 Warning(s).
Rebuild target 'Target 1'
assembling Startup.s...
compiling main.c...
linking...
Program Size: Code=872 RO-data=16 RW-data=0 ZI-data=1256  
FromELF: creating hex file...
".\Prog_obow.axf" - 0 Errors, 0 Warning(s).
Rebuild target 'Target 1'
assembling Startup.s...
compiling main.c...
linking...
Program Size: Code=936 RO-data=16 RW-data=0 ZI-data=1256  
FromELF: creating hex file...
".\Prog_obow.axf" - 0 Errors, 0 Warning(s).
Rebuild target 'Target 1'
assembling Startup.s...
compiling main.c...
linking...
Program Size: Code=1056 RO-data=16 RW-data=0 ZI-data=1256  
FromELF: creating hex file...
".\Prog_obow.axf" - 0 Errors, 0 Warning(s).
Rebuild target 'Target 1'
assembling Startup.s...
compiling main.c...
linking...
Program Size: Code=1056 RO-data=16 RW-data=0 ZI-data=1256  
FromELF: creating hex file...
".\Prog_obow.axf" - 0 Errors, 0 Warning(s).
Clean started: Project: 'Prog_obow'
   deleting intermediate output files for target 'Target 1'
Rebuild target 'Target 1'
assembling Startup.s...
compiling main.c...
linking...
Program Size: Code=1056 RO-data=16 RW-data=0 ZI-data=1256  
FromELF: creating hex file...
".\Prog_obow.axf" - 0 Errors, 0 Warning(s).
Build target 'Target 1'
linking...
Program Size: Code=1056 RO-data=16 RW-data=0 ZI-data=1256  
FromELF: creating hex file...
".\Prog_obow.axf" - 0 Errors, 0 Warning(s).
Rebuild target 'Target 1'
assembling Startup.s...
compiling main.c...
linking...
Program Size: Code=1056 RO-data=16 RW-data=0 ZI-data=1256  
FromELF: creating hex file...
".\Prog_obow.axf" - 0 Errors, 0 Warning(s).
