<html>
<body>
<pre>
<h1>µVision Build Log</h1>
<h2>Project:</h2>
C:\Users\Dominik\Documents\GitHub\ppsw_obow\Prog_obow.uvproj
Project File Date:  03/10/2019

<h2>Output:</h2>
Build target 'Target 1'
compiling main.c...
linking...
Program Size: Code=1116 RO-data=16 RW-data=0 ZI-data=1256  
FromELF: creating hex file...
".\Prog_obow.axf" - 0 Errors, 0 Warning(s).
Rebuild target 'Target 1'
assembling Startup.s...
compiling main.c...
main.c(59): warning:  #940-D: missing return statement at end of non-void function "iTestOf_AppendString"
linking...
Program Size: Code=1120 RO-data=16 RW-data=0 ZI-data=1256  
FromELF: creating hex file...
".\Prog_obow.axf" - 0 Errors, 1 Warning(s).
Rebuild target 'Target 1'
assembling Startup.s...
compiling main.c...
linking...
Program Size: Code=1124 RO-data=16 RW-data=0 ZI-data=1256  
FromELF: creating hex file...
".\Prog_obow.axf" - 0 Errors, 0 Warning(s).
Rebuild target 'Target 1'
assembling Startup.s...
compiling main.c...
linking...
Program Size: Code=1240 RO-data=16 RW-data=0 ZI-data=1256  
FromELF: creating hex file...
".\Prog_obow.axf" - 0 Errors, 0 Warning(s).
Rebuild target 'Target 1'
assembling Startup.s...
compiling main.c...
linking...
Program Size: Code=1240 RO-data=16 RW-data=0 ZI-data=1256  
FromELF: creating hex file...
".\Prog_obow.axf" - 0 Errors, 0 Warning(s).
Rebuild target 'Target 1'
assembling Startup.s...
compiling main.c...
linking...
Program Size: Code=1240 RO-data=16 RW-data=0 ZI-data=1256  
FromELF: creating hex file...
".\Prog_obow.axf" - 0 Errors, 0 Warning(s).
Rebuild target 'Target 1'
assembling Startup.s...
compiling main.c...
linking...
Program Size: Code=1240 RO-data=16 RW-data=0 ZI-data=1256  
FromELF: creating hex file...
".\Prog_obow.axf" - 0 Errors, 0 Warning(s).
